---
source: crates/ruff_linter/src/rules/information_flow/mod.rs
---
IF201_assert.py:10:1: IF201 Illegal implicit information flow. Current pc label: {secret} is greater than target label: {}. Current pc set at line 8
   |
 8 | assert secret_var > 0
 9 | 
10 | public_var = 0 # Fail
   | ^^^^^^^^^^ IF201
11 | public_var += 1 # Fail
12 | public_var: int = 2 # Fail
   |

IF201_assert.py:11:1: IF201 Illegal implicit information flow. Current pc label: {secret} is greater than target label: {}. Current pc set at line 8
   |
10 | public_var = 0 # Fail
11 | public_var += 1 # Fail
   | ^^^^^^^^^^ IF201
12 | public_var: int = 2 # Fail
   |

IF201_assert.py:12:1: IF201 Illegal implicit information flow. Current pc label: {secret} is greater than target label: {}. Current pc set at line 8
   |
10 | public_var = 0 # Fail
11 | public_var += 1 # Fail
12 | public_var: int = 2 # Fail
   | ^^^^^^^^^^ IF201
13 | 
14 | secret_var = 1 # Success
   |
