---
source: crates/ruff_linter/src/rules/information_flow/mod.rs
---
IF101_inline.py:14:1: IF101 Invalid confidentiality explicit flow: var3@{bob} < var1@{alice, bob}
   |
13 | # Fail
14 | var3 = var1 # iflabel {bob}
   | ^^^^ IF101
15 | 
16 | # Fail
   |

IF101_inline.py:17:1: IF101 Invalid confidentiality explicit flow: var4@{} < var3@{bob}
   |
16 | # Fail
17 | var4 = var3 # iflabel {}
   | ^^^^ IF101
   |
