---
source: crates/ruff_linter/src/rules/information_flow/mod.rs
---
IF203.py:14:6: IF203 Invalid confidentiality implicit argument flow: p@{} < secret@{alice}
   |
12 | ## Argument
13 | 
14 | help(secret) #  Fail
   |      ^^^^^^ IF203
15 | help("hello") # Succeed
   |

IF203.py:19:8: IF203 Invalid confidentiality implicit argument flow: p@{} < secret@{alice}
   |
17 | ## Keyword
18 | 
19 | help(p=secret) # Fail
   |        ^^^^^^ IF203
20 | help(p="hello") # Succeed
   |
